
> prop-ia@0.1.0 build
> next build

npm : [baseline-browse
r-mapping] The data 
in this module is 
over two months old.  
To ensure accurate 
Baseline data, please 
update: `npm i baselin
e-browser-mapping@late
st -D`
En línea: 1 Carácter: 
1
+ npm run build > 
build-output.txt 
2>&1; Get-Content 
build-output.txt
+ ~~~~~~~~~~~~~~~~~~~~
~~~~~~~~~~~~~~~~~
    + CategoryInfo    
          : NotSpeci  
  fied: ([baseline-   
 brows...ping@late    
st -D`:String) []    
, RemoteException
    + FullyQualifiedE 
   rrorId : NativeCo  
  mmandError
 
   Γû▓ Next.js 16.0.3 (Turbopack)
   - Environments: .env.local

   Creating an optimized production build ...
[baseline-browser-mapp
ing] The data in this 
module is over two 
months old.  To 
ensure accurate 
Baseline data, please 
update: `npm i baselin
e-browser-mapping@late
st -D`
 Γ£ô Compiled successfully in 11.5s
   Running TypeScript ...
Failed to compile.

./src/ui/components/pr
operties/PropertyForm.
tsx:143:17
Type error: Left side 
of comma operator is 
unused and has no 
side effects.

[0m [90m 141 |[39m 
            [36mretur
n[39m[33m;[39m
 [90m 142 |[39m     
    }
[31m[1m>[22m[39m[
90m 143 |[39m        
 status[33m:[39m [3
2m'active'[39m[33m,
[39m
 [90m     |[39m     
            
[31m[1m^[22m[39m
 [90m 144 |[39m     
        
imageUrls[33m:[39m 
[] [90m// Will 
update later[39m
 [90m 145 |[39m     
})[33m;[39m
 [90m 146 |[39m     
{ icon }[0m
Next.js build worker 
exited with code: 1 
and signal: null
