
> zeta-prop@0.1.0 build
> next build

   Ôû▓ Next.js 16.0.7 (Turbopack)
   - Environments: .env.local

node.exe :  ÔÜá The "middleware" file 
convention is deprecated. Please use "proxy" 
instead. Learn more: https://nextjs.org/docs/mes
sages/middleware-to-proxy
En línea: 1 Carácter: 1
+ & "C:\Program Files\nodejs/node.exe" 
"C:\Program Files\nodejs/node_mo ...
+ ~~~~~~~~~~~~~~~~~~~~~~~~~~~~~~~~~~~~~~~~~~~~~~
~~~~~~~~~~~~~~~~~~~~~~~
    + CategoryInfo          : NotSpecified: ( Ô 
   Üá The "middl...leware-to-proxy:String) [],  
   RemoteException
    + FullyQualifiedErrorId : NativeCommandErro 
   r
 
   Creating an optimized production build ...
 Ô£ô Compiled successfully in 13.7s
   Running TypeScript ...
   Collecting page data using 15 workers ...
FIREBASE_SERVICE_ACCOUNT_KEY not set. Admin SDK 
initialized without explicit cert.
FIREBASE_SERVICE_ACCOUNT_KEY not set. Admin SDK 
initialized without explicit cert.
FIREBASE_SERVICE_ACCOUNT_KEY not set. Admin SDK 
initialized without explicit cert.
   Generating static pages using 15 workers (0/85) ...
   Generating static pages using 15 workers (21/85) 
   Generating static pages using 15 workers (42/85) 
FIREBASE_SERVICE_ACCOUNT_KEY not set. Admin SDK 
initialized without explicit cert.
   Generating static pages using 15 workers (63/85) 
 Ô£ô Generating static pages using 15 workers (85/85) in 2.5s
   Finalizing page optimization ...

Route (app)                                  Revalidate  Expire
Ôöî Ôùï /
Ôö£ Ôùï /_not-found
Ôö£ ãÆ /[operation]/[slug]
Ôö£ Ôùï /access-denied
Ôö£ ãÆ /api/alquileres
Ôö£ ãÆ /api/alquileres/[id]
Ôö£ ãÆ /api/alquileres/[id]/incidencia
Ôö£ ãÆ /api/alquileres/[id]/pago
Ôö£ ãÆ /api/auth/send-verification
Ôö£ ãÆ /api/auth/verify-token
Ôö£ ãÆ /api/blog/generate
Ôö£ ãÆ /api/chat
Ôö£ ãÆ /api/chat/send
Ôö£ ãÆ /api/chat/sync
Ôö£ ãÆ /api/config/mercadopago
Ôö£ ãÆ /api/config/mercadopago/public
Ôö£ ãÆ /api/config/tasacion
Ôö£ ãÆ /api/feeds/[id]
Ôö£ ãÆ /api/generate-description
Ôö£ ãÆ /api/inquilinos
Ôö£ ãÆ /api/leads/public
Ôö£ ãÆ /api/payments/create-preference
Ôö£ ãÆ /api/payments/process-payment
Ôö£ ãÆ /api/portal/login
Ôö£ ãÆ /api/predict
Ôö£ ãÆ /api/webhooks/mercadopago
Ôö£ ãÆ /api/webhooks/twilio
Ôö£ ãÆ /api/whatsapp/send
Ôö£ Ôùï /blog                                            1m      1y
Ôö£ ãÆ /blog/[slug]
Ôö£ Ôùï /checkout
Ôö£ Ôùï /checkout/failure
Ôö£ Ôùï /checkout/pending
Ôö£ Ôùï /checkout/success
Ôö£ Ôùï /contacto
Ôö£ Ôùï /cookies
Ôö£ Ôùï /dashboard
Ôö£ Ôùï /dashboard/admin
Ôö£ Ôùï /dashboard/admin/backups
Ôö£ Ôùï /dashboard/admin/mensajes
Ôö£ Ôùï /dashboard/administrador/notificaciones
Ôö£ Ôùï /dashboard/agentes
Ôö£ ãÆ /dashboard/agentes/[id]
Ôö£ Ôùï /dashboard/agentes/nuevo
Ôö£ Ôùï /dashboard/alquileres
Ôö£ ãÆ /dashboard/alquileres/[id]
Ôö£ Ôùï /dashboard/alquileres/nuevo
Ôö£ Ôùï /dashboard/bitacora
Ôö£ Ôùï /dashboard/blog
Ôö£ ãÆ /dashboard/blog/[id]
Ôö£ Ôùï /dashboard/blog/new
Ôö£ Ôùï /dashboard/calendario
Ôö£ ãÆ /dashboard/calendario/[id]
Ôö£ Ôùï /dashboard/calendario/nueva
Ôö£ Ôùï /dashboard/chat
Ôö£ Ôùï /dashboard/clientes
Ôö£ Ôùï /dashboard/configuracion
Ôö£ Ôùï /dashboard/configuracion/backup
Ôö£ Ôùï /dashboard/configuracion/comisiones
Ôö£ Ôùï /dashboard/configuracion/roles
Ôö£ Ôùï /dashboard/configuracion/suscripciones
Ôö£ Ôùï /dashboard/cuenta
Ôö£ Ôùï /dashboard/emprendimientos
Ôö£ Ôùï /dashboard/emprendimientos/nuevo
Ôö£ Ôùï /dashboard/finanzas
Ôö£ Ôùï /dashboard/gestion-plataforma
Ôö£ Ôùï /dashboard/leads
Ôö£ Ôùï /dashboard/novedades                             1m      1y
Ôö£ Ôùï /dashboard/propiedades
Ôö£ ãÆ /dashboard/propiedades/editar/[id]
Ôö£ Ôùï /dashboard/propiedades/nueva
Ôö£ Ôùï /dashboard/publicaciones
Ôö£ Ôùï /dashboard/soporte
Ôö£ ãÆ /dashboard/soporte/[id]
Ôö£ Ôùï /dashboard/soporte/nuevo
Ôö£ Ôùï /dashboard/soporte/ticketera
Ôö£ Ôùï /dashboard/sucursales
Ôö£ Ôùï /dashboard/tasacion
Ôö£ Ôùï /firebase-check
Ôö£ Ôùï /icon.png
Ôö£ Ôùï /inquilino
Ôö£ ãÆ /inquilino/[id]
Ôö£ ãÆ /invitacion/[token]
Ôö£ Ôùï /login
Ôö£ Ôùï /modelo
Ôö£ Ôùï /nosotros
Ôö£ ãÆ /portal/inquilino/dashboard
Ôö£ Ôùï /portal/inquilino/login
Ôö£ Ôùï /precios
Ôö£ ãÆ /print/propiedades/[id]
Ôö£ Ôùï /privacidad
Ôö£ Ôùï /propiedades
Ôö£ ãÆ /propiedades/[slug]
Ôö£ ãÆ /propiedades/p/[id]
Ôö£ Ôùï /register
Ôö£ Ôùï /robots.txt
Ôö£ Ôùï /servicios
Ôö£ Ôùï /sitemap.xml
Ôö£ ãÆ /social/blog/[id]
Ôö£ Ôùï /terminos
Ôö£ Ôùï /verify
Ôöö Ôùï /verify-email


ãÆ Proxy (Middleware)

Ôùï  (Static)   prerendered as static content
ãÆ  (Dynamic)  server-rendered on demand

