src/app/dashboard/configuracion/suscripciones/components/PlanForm.tsx(52,9): error TS2322: Type 'Resolver<{ name: string; tier: "free" | "professional" | "enterprise"; description: string; price: { monthly: number; yearly: number; }; features: { name: string; included: boolean; limit?: string | number | undefined; }[]; limits: { ...; }; icon?: string | undefined; popular?: boolean | undefined; }, any, { ...; }>' is not assignable to type 'Resolver<{ name: string; tier: "free" | "professional" | "enterprise"; description: string; popular: boolean; price: { monthly: number; yearly: number; }; features: { name: string; included: boolean; limit?: string | ... 1 more ... | undefined; }[]; limits: { ...; }; icon?: string | undefined; }, any, { ...; }>'.
  Types of parameters 'options' and 'options' are incompatible.
    Type 'ResolverOptions<{ name: string; tier: "free" | "professional" | "enterprise"; description: string; popular: boolean; price: { monthly: number; yearly: number; }; features: { name: string; included: boolean; limit?: string | ... 1 more ... | undefined; }[]; limits: { ...; }; icon?: string | undefined; }>' is not assignable to type 'ResolverOptions<{ name: string; tier: "free" | "professional" | "enterprise"; description: string; price: { monthly: number; yearly: number; }; features: { name: string; included: boolean; limit?: string | number | undefined; }[]; limits: { ...; }; icon?: string | undefined; popular?: boolean | undefined; }>'.
      Type 'boolean | undefined' is not assignable to type 'boolean'.
        Type 'undefined' is not assignable to type 'boolean'.
src/app/dashboard/configuracion/suscripciones/components/PlanForm.tsx(106,38): error TS2345: Argument of type '(data: PlanFormData) => Promise<void>' is not assignable to parameter of type 'SubmitHandler<TFieldValues>'.
  Types of parameters 'data' and 'data' are incompatible.
    Type 'TFieldValues' is not assignable to type '{ name: string; tier: "free" | "professional" | "enterprise"; description: string; popular: boolean; price: { monthly: number; yearly: number; }; features: { name: string; included: boolean; limit?: string | ... 1 more ... | undefined; }[]; limits: { ...; }; icon?: string | undefined; }'.
      Type 'FieldValues' is missing the following properties from type '{ name: string; tier: "free" | "professional" | "enterprise"; description: string; popular: boolean; price: { monthly: number; yearly: number; }; features: { name: string; included: boolean; limit?: string | ... 1 more ... | undefined; }[]; limits: { ...; }; icon?: string | undefined; }': name, tier, description, popular, and 3 more.
